  functionsProgram.cpp
K:\HCMUS\HK2_2025-2026\DSA\DSA---Sorting-Algorithm-Project---Group-5\SAP\functionsProgram.cpp(234,21): warning C4244: 'initializing': conversion from 'double' to 'int', possible loss of data
K:\HCMUS\HK2_2025-2026\DSA\DSA---Sorting-Algorithm-Project---Group-5\SAP\functionsProgram.cpp(445,8): warning C4244: 'initializing': conversion from 'double' to 'int', possible loss of data
C:\Program Files\Microsoft Visual Studio\2022\Community\VC\Tools\MSVC\14.44.35207\include\utility(274,54): warning C4244: 'initializing': conversion from '__int64' to '_Ty2', possible loss of data
C:\Program Files\Microsoft Visual Studio\2022\Community\VC\Tools\MSVC\14.44.35207\include\utility(274,54): warning C4244:         with
C:\Program Files\Microsoft Visual Studio\2022\Community\VC\Tools\MSVC\14.44.35207\include\utility(274,54): warning C4244:         [
C:\Program Files\Microsoft Visual Studio\2022\Community\VC\Tools\MSVC\14.44.35207\include\utility(274,54): warning C4244:             _Ty2=int
C:\Program Files\Microsoft Visual Studio\2022\Community\VC\Tools\MSVC\14.44.35207\include\utility(274,54): warning C4244:         ]
  (compiling source file 'functionsProgram.cpp')
      C:\Program Files\Microsoft Visual Studio\2022\Community\VC\Tools\MSVC\14.44.35207\include\utility(274,54):
      the template instantiation context (the oldest one first) is
          K:\HCMUS\HK2_2025-2026\DSA\DSA---Sorting-Algorithm-Project---Group-5\SAP\functionsProgram.cpp(90,4):
          see reference to function template instantiation 'std::pair<int,int>::pair<int,__int64&,0>(_Other1 &&,_Other2) noexcept' being compiled
          with
          [
              _Other1=int,
              _Other2=__int64 &
          ]
              K:\HCMUS\HK2_2025-2026\DSA\DSA---Sorting-Algorithm-Project---Group-5\SAP\functionsProgram.cpp(90,4):
              see the first reference to 'std::pair<int,int>::pair' in 'binarySearch'
  
  SAP.vcxproj -> K:\HCMUS\HK2_2025-2026\DSA\DSA---Sorting-Algorithm-Project---Group-5\x64\Debug\SAP.exe
